##########################################################################################################
#File: vsub_vvCase-1.txt
#Brief: Test Configuration VLEN=SEW,LMUL=1,VL=1 : spills of V[vd=0]
#Details: Subs v1:=[8:15] from v2[16:23] and stores result in vd:=[0:7], with inter-element carries
##########################################################################################################

#Input:

VS2:16
VS1:8
XLEN:64
SEW:32
LMUL:8
VD:0
VSTART:0
VLEN:32
VL:8
VM:1

V0	[55|55|55|55]
V1	[55|55|55|55]
V2	[55|55|55|55]
V3	[55|55|55|55]
V4	[55|55|55|55]
V5	[55|55|55|55]
V6	[55|55|55|55]
V7	[55|55|55|55]
V8	[ff|ff|ff|ff]
V9	[ff|ff|ff|ff]
V10	[ff|ff|ff|ff]
V11	[ff|ff|ff|ff]
V12	[ff|ff|ff|ff]
V13	[ff|ff|ff|ff]
V14	[ff|ff|ff|ff]
V15	[ff|ff|ff|ff]
V16	[03|02|01|00]
V17	[07|06|05|04]
V18	[0b|0a|09|08]
V19	[0f|0e|0d|0c]
V20	[13|12|11|10]
V21	[17|16|15|14]
V22	[1b|1a|19|18]
V23	[1f|1e|1d|1c]
V24	[00|00|00|00]
V25	[00|00|00|00]
V26	[00|00|00|00]
V27	[00|00|00|00]
V28	[00|00|00|00]
V29	[00|00|00|00]
V30	[00|00|00|00]
V31	[00|00|00|00]

#Output:

V0	[03|02|01|01]
V1	[07|06|05|05]
V2	[0b|0a|09|09]
V3	[0f|0e|0d|0d]
V4	[13|12|11|11]
V5	[17|16|15|15]
V6	[1b|1a|19|19]
V7	[1f|1e|1d|1d]
V8	[ff|ff|ff|ff]
V9	[ff|ff|ff|ff]
V10	[ff|ff|ff|ff]
V11	[ff|ff|ff|ff]
V12	[ff|ff|ff|ff]
V13	[ff|ff|ff|ff]
V14	[ff|ff|ff|ff]
V15	[ff|ff|ff|ff]
V16	[03|02|01|00]
V17	[07|06|05|04]
V18	[0b|0a|09|08]
V19	[0f|0e|0d|0c]
V20	[13|12|11|10]
V21	[17|16|15|14]
V22	[1b|1a|19|18]
V23	[1f|1e|1d|1c]
V24	[00|00|00|00]
V25	[00|00|00|00]
V26	[00|00|00|00]
V27	[00|00|00|00]
V28	[00|00|00|00]
V29	[00|00|00|00]
V30	[00|00|00|00]
V31	[00|00|00|00]

EXCEPTION:0
